B:\CSE425_Project\gnn-bert-music-context\.venv\Lib\site-packages\torch\jit\_script.py:1491: FutureWarning: `torch.jit.script` is deprecated. Please switch to `torch.compile` or `torch.export`.
  warnings.warn(
03:16:11 | INFO    | gbmc.train | task 4 | seed 2024 | device cuda | amp True | synthetic False
03:16:12 | INFO    | gbmc.train | tag vocabulary: 50 tags from tag_vocab.json (tags.vocab_source=mtat)
03:16:12 | INFO    | gbmc.splits | text_source=caption_masked applied to 35984 rows
03:16:12 | INFO    | gbmc.splits | leakage check passed: 35984 rows, 35984 tracks, 8730 artists across ['test', 'train', 'val']
Loading weights:   0%|          | 0/100 [00:00<?, ?it/s]Loading weights: 100%|##########| 100/100 [00:00<00:00, 3881.71it/s]
[transformers] [1mDistilBertModel LOAD REPORT[0m from: distilbert-base-uncased
Key                     | Status     |  | 
------------------------+------------+--+-
vocab_transform.bias    | UNEXPECTED |  | 
vocab_transform.weight  | UNEXPECTED |  | 
vocab_layer_norm.bias   | UNEXPECTED |  | 
vocab_layer_norm.weight | UNEXPECTED |  | 
vocab_projector.bias    | UNEXPECTED |  | 

Notes:
- UNEXPECTED:	can be ignored when loading from different task/architecture; not ok if you expect identical arch.
03:16:16 | INFO    | gbmc.bert | BERT freeze_mode=top_n -> 28351488 trainable encoder params (of 6 layers)
03:17:56 | INFO    | gbmc.contrastive | precomputed 35984 text embeddings; BERT frozen for Task 4
B:\CSE425_Project\gnn-bert-music-context\.venv\Lib\site-packages\torch\jit\_script.py:1491: FutureWarning: `torch.jit.script` is deprecated. Please switch to `torch.compile` or `torch.export`.
  warnings.warn(
B:\CSE425_Project\gnn-bert-music-context\.venv\Lib\site-packages\torch\jit\_script.py:1491: FutureWarning: `torch.jit.script` is deprecated. Please switch to `torch.compile` or `torch.export`.
  warnings.warn(
B:\CSE425_Project\gnn-bert-music-context\.venv\Lib\site-packages\torch\jit\_script.py:1491: FutureWarning: `torch.jit.script` is deprecated. Please switch to `torch.compile` or `torch.export`.
  warnings.warn(
B:\CSE425_Project\gnn-bert-music-context\.venv\Lib\site-packages\torch\jit\_script.py:1491: FutureWarning: `torch.jit.script` is deprecated. Please switch to `torch.compile` or `torch.export`.
  warnings.warn(
B:\CSE425_Project\gnn-bert-music-context\.venv\Lib\site-packages\torch_geometric\utils\_scatter.py:91: UserWarning: The usage of `scatter(reduce='max')` can be accelerated via the 'torch-scatter' package, but it was not found
  warnings.warn(
B:\CSE425_Project\gnn-bert-music-context\.venv\Lib\site-packages\torch\jit\_script.py:1491: FutureWarning: `torch.jit.script` is deprecated. Please switch to `torch.compile` or `torch.export`.
  warnings.warn(
B:\CSE425_Project\gnn-bert-music-context\.venv\Lib\site-packages\torch\jit\_script.py:1491: FutureWarning: `torch.jit.script` is deprecated. Please switch to `torch.compile` or `torch.export`.
  warnings.warn(
B:\CSE425_Project\gnn-bert-music-context\.venv\Lib\site-packages\torch\jit\_script.py:1491: FutureWarning: `torch.jit.script` is deprecated. Please switch to `torch.compile` or `torch.export`.
  warnings.warn(
B:\CSE425_Project\gnn-bert-music-context\.venv\Lib\site-packages\torch\jit\_script.py:1491: FutureWarning: `torch.jit.script` is deprecated. Please switch to `torch.compile` or `torch.export`.
  warnings.warn(
03:19:10 | INFO    | gbmc.train | task 4 epoch 1/800 | loss 5.0338 | val mean_R@10=0.0517 | 73.9s
03:19:10 | INFO    | gbmc | VRAM[task4_epoch1] allocated=279.4 MB peak=291.3 MB reserved=1290.0 MB
03:19:14 | INFO    | gbmc.train | task 4 epoch 2/800 | loss 4.9957 | val mean_R@10=0.0496 | 0.9s
03:19:14 | INFO    | gbmc | VRAM[task4_epoch2] allocated=279.4 MB peak=291.3 MB reserved=1290.0 MB
03:19:16 | INFO    | gbmc.train | task 4 epoch 3/800 | loss 4.9648 | val mean_R@10=0.0496 | 0.8s
03:19:16 | INFO    | gbmc | VRAM[task4_epoch3] allocated=279.4 MB peak=291.3 MB reserved=1290.0 MB
03:19:17 | INFO    | gbmc.bert | BERT freeze_mode=top_n -> 28351488 trainable encoder params (of 6 layers)
03:19:17 | INFO    | gbmc.train | epoch 4: unfroze top 4 BERT layers and rebuilt the optimiser
03:19:18 | INFO    | gbmc.train | task 4 epoch 4/800 | loss 4.9237 | val mean_R@10=0.0474 | 0.9s
03:19:18 | INFO    | gbmc | VRAM[task4_epoch4] allocated=279.4 MB peak=291.3 MB reserved=1290.0 MB
03:19:34 | INFO    | gbmc.train | task 4 epoch 5/800 | loss 4.9173 | val mean_R@10=0.0474 | 0.8s
03:19:34 | INFO    | gbmc | VRAM[task4_epoch5] allocated=279.4 MB peak=291.3 MB reserved=1290.0 MB
03:19:37 | INFO    | gbmc.train | task 4 epoch 6/800 | loss 4.8968 | val mean_R@10=0.0539 | 0.7s
03:19:37 | INFO    | gbmc | VRAM[task4_epoch6] allocated=279.4 MB peak=291.3 MB reserved=1290.0 MB
03:19:40 | INFO    | gbmc.train | task 4 epoch 7/800 | loss 4.8714 | val mean_R@10=0.0517 | 0.6s
03:19:40 | INFO    | gbmc | VRAM[task4_epoch7] allocated=279.4 MB peak=291.3 MB reserved=1290.0 MB
03:19:41 | INFO    | gbmc.train | task 4 epoch 8/800 | loss 4.8249 | val mean_R@10=0.0625 | 0.8s
03:19:41 | INFO    | gbmc | VRAM[task4_epoch8] allocated=279.4 MB peak=291.3 MB reserved=1290.0 MB
03:19:44 | INFO    | gbmc.train | task 4 epoch 9/800 | loss 4.7894 | val mean_R@10=0.0603 | 0.9s
03:19:44 | INFO    | gbmc | VRAM[task4_epoch9] allocated=279.4 MB peak=291.3 MB reserved=1290.0 MB
03:19:47 | INFO    | gbmc.train | task 4 epoch 10/800 | loss 4.7529 | val mean_R@10=0.0690 | 1.1s
03:19:47 | INFO    | gbmc | VRAM[task4_epoch10] allocated=279.4 MB peak=291.3 MB reserved=1290.0 MB
03:19:50 | INFO    | gbmc.train | task 4 epoch 11/800 | loss 4.6905 | val mean_R@10=0.0754 | 0.9s
03:19:50 | INFO    | gbmc | VRAM[task4_epoch11] allocated=279.4 MB peak=291.3 MB reserved=1290.0 MB
03:19:54 | INFO    | gbmc.train | task 4 epoch 12/800 | loss 4.6469 | val mean_R@10=0.0776 | 1.0s
03:19:54 | INFO    | gbmc | VRAM[task4_epoch12] allocated=279.4 MB peak=291.3 MB reserved=1290.0 MB
03:19:59 | INFO    | gbmc.train | task 4 epoch 13/800 | loss 4.5767 | val mean_R@10=0.0948 | 1.1s
03:19:59 | INFO    | gbmc | VRAM[task4_epoch13] allocated=279.4 MB peak=291.3 MB reserved=1290.0 MB
03:20:04 | INFO    | gbmc.train | task 4 epoch 14/800 | loss 4.4913 | val mean_R@10=0.1034 | 1.6s
03:20:04 | INFO    | gbmc | VRAM[task4_epoch14] allocated=279.4 MB peak=291.3 MB reserved=1290.0 MB
03:20:09 | INFO    | gbmc.train | task 4 epoch 15/800 | loss 4.4037 | val mean_R@10=0.1207 | 1.2s
03:20:09 | INFO    | gbmc | VRAM[task4_epoch15] allocated=279.4 MB peak=291.3 MB reserved=1290.0 MB
03:20:13 | INFO    | gbmc.train | task 4 epoch 16/800 | loss 4.2947 | val mean_R@10=0.1164 | 0.9s
03:20:13 | INFO    | gbmc | VRAM[task4_epoch16] allocated=279.4 MB peak=291.3 MB reserved=1290.0 MB
03:20:16 | INFO    | gbmc.train | task 4 epoch 17/800 | loss 4.1958 | val mean_R@10=0.1121 | 0.8s
03:20:16 | INFO    | gbmc | VRAM[task4_epoch17] allocated=279.4 MB peak=291.3 MB reserved=1290.0 MB
03:20:19 | INFO    | gbmc.train | task 4 epoch 18/800 | loss 4.1127 | val mean_R@10=0.1315 | 1.0s
03:20:19 | INFO    | gbmc | VRAM[task4_epoch18] allocated=279.4 MB peak=291.3 MB reserved=1290.0 MB
03:20:24 | INFO    | gbmc.train | task 4 epoch 19/800 | loss 4.0170 | val mean_R@10=0.1315 | 0.8s
03:20:24 | INFO    | gbmc | VRAM[task4_epoch19] allocated=279.4 MB peak=291.3 MB reserved=1290.0 MB
03:20:27 | INFO    | gbmc.train | task 4 epoch 20/800 | loss 3.9351 | val mean_R@10=0.1293 | 0.7s
03:20:27 | INFO    | gbmc | VRAM[task4_epoch20] allocated=279.4 MB peak=291.3 MB reserved=1290.0 MB
03:20:29 | INFO    | gbmc.train | task 4 epoch 21/800 | loss 3.8211 | val mean_R@10=0.1466 | 1.0s
03:20:29 | INFO    | gbmc | VRAM[task4_epoch21] allocated=279.4 MB peak=291.3 MB reserved=1290.0 MB
03:20:35 | INFO    | gbmc.train | task 4 epoch 22/800 | loss 3.7673 | val mean_R@10=0.1401 | 0.7s
03:20:35 | INFO    | gbmc | VRAM[task4_epoch22] allocated=279.4 MB peak=291.3 MB reserved=1290.0 MB
03:20:36 | INFO    | gbmc.train | task 4 epoch 23/800 | loss 3.6477 | val mean_R@10=0.1336 | 0.8s
03:20:36 | INFO    | gbmc | VRAM[task4_epoch23] allocated=279.4 MB peak=291.3 MB reserved=1290.0 MB
03:20:39 | INFO    | gbmc.train | task 4 epoch 24/800 | loss 3.5446 | val mean_R@10=0.1358 | 0.7s
03:20:39 | INFO    | gbmc | VRAM[task4_epoch24] allocated=279.4 MB peak=291.3 MB reserved=1290.0 MB
03:20:42 | INFO    | gbmc.train | task 4 epoch 25/800 | loss 3.4611 | val mean_R@10=0.1444 | 0.7s
03:20:42 | INFO    | gbmc | VRAM[task4_epoch25] allocated=279.4 MB peak=291.3 MB reserved=1290.0 MB
03:20:44 | INFO    | gbmc.train | task 4 epoch 26/800 | loss 3.3461 | val mean_R@10=0.1466 | 0.8s
03:20:44 | INFO    | gbmc | VRAM[task4_epoch26] allocated=279.4 MB peak=291.3 MB reserved=1290.0 MB
03:20:46 | INFO    | gbmc.train | task 4 epoch 27/800 | loss 3.2475 | val mean_R@10=0.1487 | 0.7s
03:20:46 | INFO    | gbmc | VRAM[task4_epoch27] allocated=279.4 MB peak=291.3 MB reserved=1290.0 MB
03:20:50 | INFO    | gbmc.train | task 4 epoch 28/800 | loss 3.1150 | val mean_R@10=0.1573 | 0.8s
03:20:50 | INFO    | gbmc | VRAM[task4_epoch28] allocated=279.4 MB peak=291.3 MB reserved=1290.0 MB
03:20:57 | INFO    | gbmc.train | task 4 epoch 29/800 | loss 3.0450 | val mean_R@10=0.1530 | 0.8s
03:20:57 | INFO    | gbmc | VRAM[task4_epoch29] allocated=279.4 MB peak=291.3 MB reserved=1290.0 MB
03:20:58 | INFO    | gbmc.train | task 4 epoch 30/800 | loss 2.9076 | val mean_R@10=0.1616 | 0.6s
03:20:58 | INFO    | gbmc | VRAM[task4_epoch30] allocated=279.4 MB peak=291.3 MB reserved=1290.0 MB
03:21:05 | INFO    | gbmc.train | task 4 epoch 31/800 | loss 2.7815 | val mean_R@10=0.1703 | 0.8s
03:21:05 | INFO    | gbmc | VRAM[task4_epoch31] allocated=279.4 MB peak=291.3 MB reserved=1290.0 MB
03:21:09 | INFO    | gbmc.train | task 4 epoch 32/800 | loss 2.6646 | val mean_R@10=0.1573 | 0.7s
03:21:09 | INFO    | gbmc | VRAM[task4_epoch32] allocated=279.4 MB peak=291.3 MB reserved=1290.0 MB
03:21:11 | INFO    | gbmc.train | task 4 epoch 33/800 | loss 2.5504 | val mean_R@10=0.1659 | 0.7s
03:21:11 | INFO    | gbmc | VRAM[task4_epoch33] allocated=279.4 MB peak=291.3 MB reserved=1290.0 MB
03:21:12 | INFO    | gbmc.train | task 4 epoch 34/800 | loss 2.4665 | val mean_R@10=0.1832 | 0.8s
03:21:12 | INFO    | gbmc | VRAM[task4_epoch34] allocated=279.4 MB peak=291.3 MB reserved=1290.0 MB
03:21:15 | INFO    | gbmc.train | task 4 epoch 35/800 | loss 2.3443 | val mean_R@10=0.1659 | 0.8s
03:21:15 | INFO    | gbmc | VRAM[task4_epoch35] allocated=279.4 MB peak=291.3 MB reserved=1290.0 MB
03:21:18 | INFO    | gbmc.train | task 4 epoch 36/800 | loss 2.2378 | val mean_R@10=0.1810 | 0.8s
03:21:18 | INFO    | gbmc | VRAM[task4_epoch36] allocated=279.4 MB peak=291.3 MB reserved=1290.0 MB
03:21:21 | INFO    | gbmc.train | task 4 epoch 37/800 | loss 2.1183 | val mean_R@10=0.1573 | 0.9s
03:21:21 | INFO    | gbmc | VRAM[task4_epoch37] allocated=279.4 MB peak=291.3 MB reserved=1290.0 MB
03:21:23 | INFO    | gbmc.train | task 4 epoch 38/800 | loss 2.0530 | val mean_R@10=0.1681 | 0.8s
03:21:23 | INFO    | gbmc | VRAM[task4_epoch38] allocated=279.4 MB peak=291.3 MB reserved=1290.0 MB
03:21:24 | INFO    | gbmc.train | task 4 epoch 39/800 | loss 1.9567 | val mean_R@10=0.1703 | 0.8s
03:21:24 | INFO    | gbmc | VRAM[task4_epoch39] allocated=279.4 MB peak=291.3 MB reserved=1290.0 MB
03:21:26 | INFO    | gbmc.train | task 4 epoch 40/800 | loss 1.8372 | val mean_R@10=0.1746 | 0.9s
03:21:26 | INFO    | gbmc | VRAM[task4_epoch40] allocated=279.4 MB peak=291.3 MB reserved=1290.0 MB
03:21:28 | INFO    | gbmc.train | task 4 epoch 41/800 | loss 1.7556 | val mean_R@10=0.1724 | 0.9s
03:21:28 | INFO    | gbmc | VRAM[task4_epoch41] allocated=279.4 MB peak=291.3 MB reserved=1290.0 MB
03:21:30 | INFO    | gbmc.train | task 4 epoch 42/800 | loss 1.6579 | val mean_R@10=0.1875 | 0.8s
03:21:30 | INFO    | gbmc | VRAM[task4_epoch42] allocated=279.4 MB peak=291.3 MB reserved=1290.0 MB
03:21:34 | INFO    | gbmc.train | task 4 epoch 43/800 | loss 1.5767 | val mean_R@10=0.1767 | 0.7s
03:21:34 | INFO    | gbmc | VRAM[task4_epoch43] allocated=279.4 MB peak=291.3 MB reserved=1290.0 MB
03:21:36 | INFO    | gbmc.train | task 4 epoch 44/800 | loss 1.4957 | val mean_R@10=0.1703 | 0.9s
03:21:36 | INFO    | gbmc | VRAM[task4_epoch44] allocated=279.4 MB peak=291.3 MB reserved=1290.0 MB
03:21:38 | INFO    | gbmc.train | task 4 epoch 45/800 | loss 1.4095 | val mean_R@10=0.1789 | 0.8s
03:21:38 | INFO    | gbmc | VRAM[task4_epoch45] allocated=279.4 MB peak=291.3 MB reserved=1290.0 MB
03:21:40 | INFO    | gbmc.train | task 4 epoch 46/800 | loss 1.3271 | val mean_R@10=0.1703 | 1.0s
03:21:40 | INFO    | gbmc | VRAM[task4_epoch46] allocated=279.4 MB peak=291.3 MB reserved=1290.0 MB
03:21:42 | INFO    | gbmc.train | task 4 epoch 47/800 | loss 1.2765 | val mean_R@10=0.1853 | 0.9s
03:21:42 | INFO    | gbmc | VRAM[task4_epoch47] allocated=279.4 MB peak=291.3 MB reserved=1290.0 MB
03:21:44 | INFO    | gbmc.train | task 4 epoch 48/800 | loss 1.2273 | val mean_R@10=0.1638 | 1.0s
03:21:44 | INFO    | gbmc | VRAM[task4_epoch48] allocated=279.4 MB peak=291.3 MB reserved=1290.0 MB
03:21:46 | INFO    | gbmc.train | task 4 epoch 49/800 | loss 1.1580 | val mean_R@10=0.1724 | 1.0s
03:21:46 | INFO    | gbmc | VRAM[task4_epoch49] allocated=279.4 MB peak=291.3 MB reserved=1290.0 MB
03:21:49 | INFO    | gbmc.train | task 4 epoch 50/800 | loss 1.1089 | val mean_R@10=0.1767 | 0.8s
03:21:49 | INFO    | gbmc | VRAM[task4_epoch50] allocated=279.4 MB peak=291.3 MB reserved=1290.0 MB
03:21:52 | INFO    | gbmc.train | task 4 epoch 51/800 | loss 1.0619 | val mean_R@10=0.1767 | 0.9s
03:21:52 | INFO    | gbmc | VRAM[task4_epoch51] allocated=279.4 MB peak=291.3 MB reserved=1290.0 MB
03:21:54 | INFO    | gbmc.train | task 4 epoch 52/800 | loss 0.9967 | val mean_R@10=0.1832 | 1.0s
03:21:54 | INFO    | gbmc | VRAM[task4_epoch52] allocated=279.4 MB peak=291.3 MB reserved=1290.0 MB
03:21:57 | INFO    | gbmc.train | task 4 epoch 53/800 | loss 0.9544 | val mean_R@10=0.1681 | 1.3s
03:21:57 | INFO    | gbmc | VRAM[task4_epoch53] allocated=279.4 MB peak=291.3 MB reserved=1290.0 MB
03:21:59 | INFO    | gbmc.train | task 4 epoch 54/800 | loss 0.8962 | val mean_R@10=0.1703 | 1.0s
03:21:59 | INFO    | gbmc | VRAM[task4_epoch54] allocated=279.4 MB peak=291.3 MB reserved=1290.0 MB
03:22:02 | INFO    | gbmc.train | task 4 epoch 55/800 | loss 0.8494 | val mean_R@10=0.1724 | 1.2s
03:22:02 | INFO    | gbmc | VRAM[task4_epoch55] allocated=279.4 MB peak=291.3 MB reserved=1290.0 MB
03:22:04 | INFO    | gbmc.train | task 4 epoch 56/800 | loss 0.8099 | val mean_R@10=0.1616 | 1.0s
03:22:04 | INFO    | gbmc | VRAM[task4_epoch56] allocated=279.4 MB peak=291.3 MB reserved=1290.0 MB
03:22:07 | INFO    | gbmc.train | task 4 epoch 57/800 | loss 0.7749 | val mean_R@10=0.1746 | 0.9s
03:22:07 | INFO    | gbmc | VRAM[task4_epoch57] allocated=279.4 MB peak=291.3 MB reserved=1290.0 MB
03:22:09 | INFO    | gbmc.train | task 4 epoch 58/800 | loss 0.7410 | val mean_R@10=0.1509 | 0.9s
03:22:09 | INFO    | gbmc | VRAM[task4_epoch58] allocated=279.4 MB peak=291.3 MB reserved=1290.0 MB
03:22:11 | INFO    | gbmc.train | task 4 epoch 59/800 | loss 0.6840 | val mean_R@10=0.1573 | 1.0s
03:22:11 | INFO    | gbmc | VRAM[task4_epoch59] allocated=279.4 MB peak=291.3 MB reserved=1290.0 MB
03:22:13 | INFO    | gbmc.train | task 4 epoch 60/800 | loss 0.6453 | val mean_R@10=0.1509 | 1.3s
03:22:13 | INFO    | gbmc | VRAM[task4_epoch60] allocated=279.4 MB peak=291.3 MB reserved=1290.0 MB
03:22:15 | INFO    | gbmc.train | task 4 epoch 61/800 | loss 0.6101 | val mean_R@10=0.1573 | 0.9s
03:22:15 | INFO    | gbmc | VRAM[task4_epoch61] allocated=279.4 MB peak=291.3 MB reserved=1290.0 MB
03:22:18 | INFO    | gbmc.train | task 4 epoch 62/800 | loss 0.6004 | val mean_R@10=0.1659 | 1.1s
03:22:18 | INFO    | gbmc | VRAM[task4_epoch62] allocated=279.4 MB peak=291.3 MB reserved=1290.0 MB
03:22:20 | INFO    | gbmc.train | task 4 epoch 63/800 | loss 0.5613 | val mean_R@10=0.1595 | 0.9s
03:22:20 | INFO    | gbmc | VRAM[task4_epoch63] allocated=279.4 MB peak=291.3 MB reserved=1290.0 MB
03:22:22 | INFO    | gbmc.train | task 4 epoch 64/800 | loss 0.5074 | val mean_R@10=0.1487 | 0.9s
03:22:22 | INFO    | gbmc | VRAM[task4_epoch64] allocated=279.4 MB peak=291.3 MB reserved=1290.0 MB
03:22:25 | INFO    | gbmc.train | task 4 epoch 65/800 | loss 0.5138 | val mean_R@10=0.1573 | 0.8s
03:22:25 | INFO    | gbmc | VRAM[task4_epoch65] allocated=279.4 MB peak=291.3 MB reserved=1290.0 MB
03:22:28 | INFO    | gbmc.train | task 4 epoch 66/800 | loss 0.4931 | val mean_R@10=0.1552 | 1.0s
03:22:28 | INFO    | gbmc | VRAM[task4_epoch66] allocated=279.4 MB peak=291.3 MB reserved=1290.0 MB
03:22:30 | INFO    | gbmc.train | task 4 epoch 67/800 | loss 0.4611 | val mean_R@10=0.1509 | 0.9s
03:22:30 | INFO    | gbmc | VRAM[task4_epoch67] allocated=279.4 MB peak=291.3 MB reserved=1290.0 MB
03:22:32 | INFO    | gbmc.train | task 4 epoch 68/800 | loss 0.4240 | val mean_R@10=0.1573 | 1.3s
03:22:32 | INFO    | gbmc | VRAM[task4_epoch68] allocated=279.4 MB peak=291.3 MB reserved=1290.0 MB
03:22:34 | INFO    | gbmc.train | task 4 epoch 69/800 | loss 0.3926 | val mean_R@10=0.1616 | 1.1s
03:22:34 | INFO    | gbmc | VRAM[task4_epoch69] allocated=279.4 MB peak=291.3 MB reserved=1290.0 MB
03:22:36 | INFO    | gbmc.train | task 4 epoch 70/800 | loss 0.3973 | val mean_R@10=0.1681 | 0.9s
03:22:36 | INFO    | gbmc | VRAM[task4_epoch70] allocated=279.4 MB peak=291.3 MB reserved=1290.0 MB
03:22:38 | INFO    | gbmc.train | task 4 epoch 71/800 | loss 0.3825 | val mean_R@10=0.1573 | 0.9s
03:22:38 | INFO    | gbmc | VRAM[task4_epoch71] allocated=279.4 MB peak=291.3 MB reserved=1290.0 MB
03:22:42 | INFO    | gbmc.train | task 4 epoch 72/800 | loss 0.3363 | val mean_R@10=0.1573 | 0.9s
03:22:42 | INFO    | gbmc | VRAM[task4_epoch72] allocated=279.4 MB peak=291.3 MB reserved=1290.0 MB
03:22:44 | INFO    | gbmc.train | task 4 epoch 73/800 | loss 0.3154 | val mean_R@10=0.1530 | 1.0s
03:22:44 | INFO    | gbmc | VRAM[task4_epoch73] allocated=279.4 MB peak=291.3 MB reserved=1290.0 MB
03:22:46 | INFO    | gbmc.train | task 4 epoch 74/800 | loss 0.3295 | val mean_R@10=0.1552 | 1.0s
03:22:46 | INFO    | gbmc | VRAM[task4_epoch74] allocated=279.4 MB peak=291.3 MB reserved=1290.0 MB
03:22:48 | INFO    | gbmc.train | task 4 epoch 75/800 | loss 0.2947 | val mean_R@10=0.1401 | 1.0s
03:22:48 | INFO    | gbmc | VRAM[task4_epoch75] allocated=279.4 MB peak=291.3 MB reserved=1290.0 MB
03:22:51 | INFO    | gbmc.train | task 4 epoch 76/800 | loss 0.2917 | val mean_R@10=0.1401 | 1.1s
03:22:51 | INFO    | gbmc | VRAM[task4_epoch76] allocated=279.4 MB peak=291.3 MB reserved=1290.0 MB
03:22:55 | INFO    | gbmc.train | task 4 epoch 77/800 | loss 0.3043 | val mean_R@10=0.1487 | 1.4s
03:22:55 | INFO    | gbmc | VRAM[task4_epoch77] allocated=279.4 MB peak=291.3 MB reserved=1290.0 MB
03:22:59 | INFO    | gbmc.train | task 4 epoch 78/800 | loss 0.2767 | val mean_R@10=0.1315 | 1.3s
03:22:59 | INFO    | gbmc | VRAM[task4_epoch78] allocated=279.4 MB peak=291.3 MB reserved=1290.0 MB
03:23:03 | INFO    | gbmc.train | task 4 epoch 79/800 | loss 0.2432 | val mean_R@10=0.1530 | 2.0s
03:23:03 | INFO    | gbmc | VRAM[task4_epoch79] allocated=279.4 MB peak=291.3 MB reserved=1290.0 MB
03:23:06 | INFO    | gbmc.train | task 4 epoch 80/800 | loss 0.2370 | val mean_R@10=0.1509 | 1.3s
03:23:06 | INFO    | gbmc | VRAM[task4_epoch80] allocated=279.4 MB peak=291.3 MB reserved=1290.0 MB
03:23:09 | INFO    | gbmc.train | task 4 epoch 81/800 | loss 0.2273 | val mean_R@10=0.1336 | 1.4s
03:23:09 | INFO    | gbmc | VRAM[task4_epoch81] allocated=279.4 MB peak=291.3 MB reserved=1290.0 MB
03:23:11 | INFO    | gbmc.train | task 4 epoch 82/800 | loss 0.2144 | val mean_R@10=0.1358 | 1.1s
03:23:11 | INFO    | gbmc | VRAM[task4_epoch82] allocated=279.4 MB peak=291.3 MB reserved=1290.0 MB
03:23:14 | INFO    | gbmc.train | early stop at epoch 82 (best epoch 42, mean_R@10=0.1875)
B:\CSE425_Project\gnn-bert-music-context\.venv\Lib\site-packages\torch\jit\_script.py:1491: FutureWarning: `torch.jit.script` is deprecated. Please switch to `torch.compile` or `torch.export`.
  warnings.warn(
B:\CSE425_Project\gnn-bert-music-context\.venv\Lib\site-packages\torch\jit\_script.py:1491: FutureWarning: `torch.jit.script` is deprecated. Please switch to `torch.compile` or `torch.export`.
  warnings.warn(
B:\CSE425_Project\gnn-bert-music-context\.venv\Lib\site-packages\torch\jit\_script.py:1491: FutureWarning: `torch.jit.script` is deprecated. Please switch to `torch.compile` or `torch.export`.
  warnings.warn(
B:\CSE425_Project\gnn-bert-music-context\.venv\Lib\site-packages\torch\jit\_script.py:1491: FutureWarning: `torch.jit.script` is deprecated. Please switch to `torch.compile` or `torch.export`.
  warnings.warn(
03:23:55 | INFO    | gbmc.train | wrote B:\CSE425_Project\gnn-bert-music-context\results\task4_seed2024_musiccaps_dual_d1.json
{
  "task": 4,
  "seed": 2024,
  "synthetic": false,
  "provenance": "real",
  "text_source": "caption_masked",
  "freeze_mode": "top_n",
  "freeze_epochs": 3,
  "device": "cuda",
  "amp": true,
  "grad_accum_steps": 4,
  "effective_batch": 32,
  "epochs_run": 82,
  "best_epoch": 42,
  "early_stop_metric": "mean_R@10",
  "best_val_metric": 0.1875,
  "trainable_params": 29102337,
  "n_tags": 50,
  "tag_vocab": [
    "guitar",
    "classical",
    "slow",
    "strings",
    "techno",
    "vocal",
    "electronic",
    "drum",
    "no vocal",
    "rock",
    "fast",
    "ambient",
    "female vocal",
    "violin",
    "piano",
    "male vocal",
    "beat",
    "synth",
    "india",
    "singing",
    "flute",
    "opera",
    "harpsichord",
    "quiet",
    "loud",
    "soft",
    "sitar",
    "pop",
    "solo",
    "choir",
    "cello",
    "new age",
    "weird",
    "harp",
    "dance",
    "country",
    "heavy",
    "jazz",
    "eastern",
    "orchestra",
    "bass",
    "no piano",
    "baroque",
    "modern",
    "chant",
    "hard",
    "foreign",
    "no beat",
    "trance",
    "folk"
  ],
  "threshold_source": "val",
  "wall_clock_s": 151.2,
  "test": {
    "gallery_size": 2503,
    "n_queries": 2503,
    "n_pairs": 2503,
    "g2t_R@1": 0.0011985617259288853,
    "g2t_R@5": 0.00998801438274071,
    "g2t_R@10": 0.016380343587694766,
    "g2t_medR": 625.0,
    "g2t_meanR": 788.2001598082301,
    "g2t_MRR": 0.009928139822326746,
    "t2g_R@1": 0.001997602876548142,
    "t2g_R@5": 0.008389932081502197,
    "t2g_R@10": 0.015181781861765881,
    "t2g_medR": 625.0,
    "t2g_meanR": 797.185777067519,
    "t2g_MRR": 0.009290613016074463,
    "mean_R@1": 0.0015980823012385135,
    "mean_R@5": 0.009188973232121454,
    "mean_R@10": 0.015781062724730323,
    "mean_MRR": 0.009609376419200604,
    "random_R@1": 0.00039952057530962844,
    "random_R@5": 0.001997602876548142,
    "random_R@10": 0.003995205753096284,
    "random_medR": 1252.0,
    "random_meanR": 1252.0,
    "random_MRR": 0.003357035838321842,
    "mean_R@1_vs_chance": 3.9999999999999996,
    "mean_R@5_vs_chance": 4.6000000000000005,
    "mean_R@10_vs_chance": 3.95
  },
  "vram": {
    "tag": "task4_epoch82",
    "allocated_mb": 279.42431640625,
    "peak_mb": 291.26513671875,
    "reserved_mb": 1290.0
  },
  "similarity_shape": [
    2503,
    2503
  ],
  "precompute_text": true,
  "contrastive_batch_size": 128,
  "run_tag": "musiccaps_dual_d1"
}
